#-----------------------------------------------------------
# Vivado v2024.2 (64-bit)
# SW Build 5239630 on Fri Nov 08 22:35:27 MST 2024
# IP Build 5239520 on Sun Nov 10 16:12:51 MST 2024
# SharedData Build 5239561 on Fri Nov 08 14:39:27 MST 2024
# Start of session at: Fri Mar 28 09:54:25 2025
# Process ID         : 19108
# Current directory  : C:/Users/willy/Desktop/Paperasse/Job/Celero/IIR/Vivado/IIR/IIR.runs/synth_1
# Command line       : vivado.exe -log IIR.vds -product Vivado -mode batch -messageDb vivado.pb -notrace -source IIR.tcl
# Log file           : C:/Users/willy/Desktop/Paperasse/Job/Celero/IIR/Vivado/IIR/IIR.runs/synth_1/IIR.vds
# Journal file       : C:/Users/willy/Desktop/Paperasse/Job/Celero/IIR/Vivado/IIR/IIR.runs/synth_1\vivado.jou
# Running On         : wmagnan
# Platform           : Windows Server 2016 or Windows 10
# Operating System   : 26100
# Processor Detail   : AMD Ryzen 7 9700X 8-Core Processor             
# CPU Frequency      : 3793 MHz
# CPU Physical cores : 8
# CPU Logical cores  : 16
# Host memory        : 33377 MB
# Swap memory        : 16106 MB
# Total Virtual      : 49483 MB
# Available Virtual  : 16623 MB
#-----------------------------------------------------------
source IIR.tcl -notrace
